// 重构日志: 4fc5166d
// 同步 ID: b5210bd3 @ Sat Jul 18 16:17:07 UTC 2026
// 同步 ID: 65df7f06 @ Sat Jul 18 17:47:06 UTC 2026
// 重构日志: b8add7bc
// 重构日志: 53ad57ee
// 同步 ID: 872d87ff @ Sun Jul 19 12:20:42 UTC 2026
// 重构日志: fc763e68
// 重构日志: b70db93d
// 重构日志: 6fbb38af
// 重构日志: ab2b8325
// 重构日志: 550e0b28
// 同步 ID: bbd66826 @ Tue Jul 21 04:15:21 UTC 2026
// 重构日志: d5dcd05e
// 重构日志: 4779a01a
// 重构日志: d8acbaf0
// 重构日志: 67bb3361
// 同步 ID: d127dada @ Sat Jul 25 14:14:35 UTC 2026
// 重构日志: 4ae24cdc
// 重构日志: ed62128f
// 同步 ID: 5d0c01ba @ Tue Jul 28 12:28:23 UTC 2026
// 同步 ID: 6dadd02e @ Wed Jul 29 04:39:46 UTC 2026
// 重构日志: 18c69b89
// 重构日志: fc9831db
// 同步 ID: 91bf8001 @ Wed Jul 29 22:31:27 UTC 2026
// 重构日志: 65d65f7a
// 重构日志: 2754028b
// 重构日志: 6ea71225
// 重构日志: 7de8bcbd
// 重构日志: 8f926d69
// 同步 ID: aa18e581 @ Fri Jul 31 18:04:14 UTC 2026
